debug1: OpenSSH_10.2p1, LibreSSL 3.3.6
debug3: Running on Darwin 25.5.0 Darwin Kernel Version 25.5.0: Mon Apr 27 20:39:29 PDT 2026; root:xnu-12377.121.6~2/RELEASE_ARM64_T8142 arm64
debug3: Started with: ssh -vvv -o StrictHostKeyChecking=accept-new git@github.com "git-receive-pack \\'jxk1213/safety-question.git\\'"
debug1: Reading configuration data /etc/ssh/ssh_config
debug3: /etc/ssh/ssh_config line 22: Including file /etc/ssh/ssh_config.d/100-macos.conf depth 0
debug1: Reading configuration data /etc/ssh/ssh_config.d/100-macos.conf
debug1: /etc/ssh/ssh_config.d/100-macos.conf line 1: Applying options for *
debug3: /etc/ssh/ssh_config.d/100-macos.conf line 3: Including file /etc/ssh/crypto.conf depth 1
debug1: Reading configuration data /etc/ssh/crypto.conf
debug3: kex names ok: [ecdh-sha2-nistp256]
debug3: expanded UserKnownHostsFile '~/.ssh/known_hosts' -> '/Users/jixiaokang/.ssh/known_hosts'
debug3: expanded UserKnownHostsFile '~/.ssh/known_hosts2' -> '/Users/jixiaokang/.ssh/known_hosts2'
debug1: Authenticator provider $SSH_SK_PROVIDER did not resolve; disabling
debug3: channel_clear_timeouts: clearing
debug1: Connecting to github.com port 22.
debug1: Connection established.
debug1: no pubkey loaded from /Users/jixiaokang/.ssh/id_rsa
debug1: identity file /Users/jixiaokang/.ssh/id_rsa type -1
debug1: no identity pubkey loaded from /Users/jixiaokang/.ssh/id_rsa
debug1: no pubkey loaded from /Users/jixiaokang/.ssh/id_ecdsa
debug1: identity file /Users/jixiaokang/.ssh/id_ecdsa type -1
debug1: no identity pubkey loaded from /Users/jixiaokang/.ssh/id_ecdsa
debug1: no pubkey loaded from /Users/jixiaokang/.ssh/id_ecdsa_sk
debug1: identity file /Users/jixiaokang/.ssh/id_ecdsa_sk type -1
debug1: no identity pubkey loaded from /Users/jixiaokang/.ssh/id_ecdsa_sk
debug1: loaded pubkey from /Users/jixiaokang/.ssh/id_ed25519: ED25519 SHA256:goys4ERKxu0jqUIrrLrYvLUVxOvpJCK5RliATiqzQ5w
debug1: identity file /Users/jixiaokang/.ssh/id_ed25519 type 2
debug1: no identity pubkey loaded from /Users/jixiaokang/.ssh/id_ed25519
debug1: no pubkey loaded from /Users/jixiaokang/.ssh/id_ed25519_sk
debug1: identity file /Users/jixiaokang/.ssh/id_ed25519_sk type -1
debug1: no identity pubkey loaded from /Users/jixiaokang/.ssh/id_ed25519_sk
debug1: Local version string SSH-2.0-OpenSSH_10.2
debug1: Remote protocol version 2.0, remote software version 6279353
debug1: compat_banner: no match: 6279353
debug3: fd 6 is O_NONBLOCK
debug1: Authenticating to github.com:22 as 'git'
debug3: record_hostkey: found key type RSA in file /Users/jixiaokang/.ssh/known_hosts:6
debug3: record_hostkey: found key type ECDSA in file /Users/jixiaokang/.ssh/known_hosts:7
debug3: record_hostkey: found key type ED25519 in file /Users/jixiaokang/.ssh/known_hosts:8
debug3: load_hostkeys_file: loaded 3 keys from github.com
debug1: load_hostkeys: fopen /Users/jixiaokang/.ssh/known_hosts2: No such file or directory
debug1: load_hostkeys: fopen /etc/ssh/ssh_known_hosts: No such file or directory
debug1: load_hostkeys: fopen /etc/ssh/ssh_known_hosts2: No such file or directory
debug3: order_hostkeyalgs: have matching best-preference key type ssh-ed25519-cert-v01@openssh.com, using HostkeyAlgorithms verbatim
debug3: send packet: type 20
debug1: SSH2_MSG_KEXINIT sent
debug3: receive packet: type 20
debug1: SSH2_MSG_KEXINIT received
debug2: local client KEXINIT proposal
debug2: KEX algorithms: ecdh-sha2-nistp256,mlkem768x25519-sha256,sntrup761x25519-sha512,sntrup761x25519-sha512@openssh.com,curve25519-sha256,curve25519-sha256@libssh.org,ecdh-sha2-nistp384,ecdh-sha2-nistp521,diffie-hellman-group-exchange-sha256,diffie-hellman-group16-sha512,diffie-hellman-group18-sha512,diffie-hellman-group14-sha256,ext-info-c,kex-strict-c-v00@openssh.com
debug2: host key algorithms: ssh-ed25519-cert-v01@openssh.com,ecdsa-sha2-nistp256-cert-v01@openssh.com,ecdsa-sha2-nistp384-cert-v01@openssh.com,ecdsa-sha2-nistp521-cert-v01@openssh.com,sk-ssh-ed25519-cert-v01@openssh.com,sk-ecdsa-sha2-nistp256-cert-v01@openssh.com,rsa-sha2-512-cert-v01@openssh.com,rsa-sha2-256-cert-v01@openssh.com,ssh-ed25519,ecdsa-sha2-nistp256,ecdsa-sha2-nistp384,ecdsa-sha2-nistp521,sk-ssh-ed25519@openssh.com,sk-ecdsa-sha2-nistp256@openssh.com,rsa-sha2-512,rsa-sha2-256
debug2: ciphers ctos: aes128-gcm@openssh.com,aes256-gcm@openssh.com,chacha20-poly1305@openssh.com,aes128-ctr,aes192-ctr,aes256-ctr
debug2: ciphers stoc: aes128-gcm@openssh.com,aes256-gcm@openssh.com,chacha20-poly1305@openssh.com,aes128-ctr,aes192-ctr,aes256-ctr
debug2: MACs ctos: hmac-sha2-256-etm@openssh.com,hmac-sha2-256,umac-64-etm@openssh.com,umac-128-etm@openssh.com,hmac-sha2-512-etm@openssh.com,hmac-sha1-etm@openssh.com,umac-64@openssh.com,umac-128@openssh.com,hmac-sha2-512,hmac-sha1
debug2: MACs stoc: hmac-sha2-256-etm@openssh.com,hmac-sha2-256,umac-64-etm@openssh.com,umac-128-etm@openssh.com,hmac-sha2-512-etm@openssh.com,hmac-sha1-etm@openssh.com,umac-64@openssh.com,umac-128@openssh.com,hmac-sha2-512,hmac-sha1
debug2: compression ctos: none,zlib@openssh.com
debug2: compression stoc: none,zlib@openssh.com
debug2: languages ctos: 
debug2: languages stoc: 
debug2: first_kex_follows 0 
debug2: reserved 0 
debug2: peer server KEXINIT proposal
debug2: KEX algorithms: sntrup761x25519-sha512,sntrup761x25519-sha512@openssh.com,curve25519-sha256,curve25519-sha256@libssh.org,ecdh-sha2-nistp256,ecdh-sha2-nistp384,ecdh-sha2-nistp521,diffie-hellman-group-exchange-sha256,kex-strict-s-v00@openssh.com
debug2: host key algorithms: ssh-ed25519,ecdsa-sha2-nistp256,rsa-sha2-512,rsa-sha2-256,ssh-rsa
debug2: ciphers ctos: chacha20-poly1305@openssh.com,aes256-gcm@openssh.com,aes128-gcm@openssh.com,aes256-ctr,aes192-ctr,aes128-ctr
debug2: ciphers stoc: chacha20-poly1305@openssh.com,aes256-gcm@openssh.com,aes128-gcm@openssh.com,aes256-ctr,aes192-ctr,aes128-ctr
debug2: MACs ctos: hmac-sha2-512-etm@openssh.com,hmac-sha2-256-etm@openssh.com,hmac-sha2-512,hmac-sha2-256
debug2: MACs stoc: hmac-sha2-512-etm@openssh.com,hmac-sha2-256-etm@openssh.com,hmac-sha2-512,hmac-sha2-256
debug2: compression ctos: none,zlib@openssh.com
debug2: compression stoc: none,zlib@openssh.com
debug2: languages ctos: 
debug2: languages stoc: 
debug2: first_kex_follows 0 
debug2: reserved 0 
debug3: kex_choose_conf: will use strict KEX ordering
debug1: kex: algorithm: ecdh-sha2-nistp256
debug1: kex: host key algorithm: ssh-ed25519
debug1: kex: server->client cipher: aes128-gcm@openssh.com MAC: <implicit> compression: none
debug1: kex: client->server cipher: aes128-gcm@openssh.com MAC: <implicit> compression: none
debug3: send packet: type 30
debug1: expecting SSH2_MSG_KEX_ECDH_REPLY
debug3: receive packet: type 31
debug1: SSH2_MSG_KEX_ECDH_REPLY received
debug1: Server host key: ssh-ed25519 SHA256:+DiY3wvvV6TuJJhbpZisF/zLDA0zPMSvHdkr4UvCOqU
debug3: record_hostkey: found key type RSA in file /Users/jixiaokang/.ssh/known_hosts:6
debug3: record_hostkey: found key type ECDSA in file /Users/jixiaokang/.ssh/known_hosts:7
debug3: record_hostkey: found key type ED25519 in file /Users/jixiaokang/.ssh/known_hosts:8
debug3: load_hostkeys_file: loaded 3 keys from github.com
debug1: load_hostkeys: fopen /Users/jixiaokang/.ssh/known_hosts2: No such file or directory
debug1: load_hostkeys: fopen /etc/ssh/ssh_known_hosts: No such file or directory
debug1: load_hostkeys: fopen /etc/ssh/ssh_known_hosts2: No such file or directory
debug1: Host 'github.com' is known and matches the ED25519 host key.
debug1: Found key in /Users/jixiaokang/.ssh/known_hosts:8
debug3: send packet: type 21
debug1: ssh_packet_send2_wrapped: resetting send seqnr 3
debug2: ssh_set_newkeys: mode 1
debug1: rekey out after 4294967296 blocks
debug1: SSH2_MSG_NEWKEYS sent
debug1: expecting SSH2_MSG_NEWKEYS
debug3: receive packet: type 21
debug1: ssh_packet_read_poll2: resetting read seqnr 3
debug1: SSH2_MSG_NEWKEYS received
debug2: ssh_set_newkeys: mode 0
debug1: rekey in after 4294967296 blocks
debug2: KEX algorithms: ecdh-sha2-nistp256,mlkem768x25519-sha256,sntrup761x25519-sha512,sntrup761x25519-sha512@openssh.com,curve25519-sha256,curve25519-sha256@libssh.org,ecdh-sha2-nistp384,ecdh-sha2-nistp521,diffie-hellman-group-exchange-sha256,diffie-hellman-group16-sha512,diffie-hellman-group18-sha512,diffie-hellman-group14-sha256,ext-info-c,kex-strict-c-v00@openssh.com
debug2: host key algorithms: ssh-ed25519-cert-v01@openssh.com,ecdsa-sha2-nistp256-cert-v01@openssh.com,ecdsa-sha2-nistp384-cert-v01@openssh.com,ecdsa-sha2-nistp521-cert-v01@openssh.com,sk-ssh-ed25519-cert-v01@openssh.com,sk-ecdsa-sha2-nistp256-cert-v01@openssh.com,rsa-sha2-512-cert-v01@openssh.com,rsa-sha2-256-cert-v01@openssh.com,ssh-ed25519,ecdsa-sha2-nistp256,ecdsa-sha2-nistp384,ecdsa-sha2-nistp521,sk-ssh-ed25519@openssh.com,sk-ecdsa-sha2-nistp256@openssh.com,rsa-sha2-512,rsa-sha2-256
debug2: ciphers ctos: aes128-gcm@openssh.com,aes256-gcm@openssh.com,chacha20-poly1305@openssh.com,aes128-ctr,aes192-ctr,aes256-ctr
debug2: ciphers stoc: aes128-gcm@openssh.com,aes256-gcm@openssh.com,chacha20-poly1305@openssh.com,aes128-ctr,aes192-ctr,aes256-ctr
debug2: MACs ctos: hmac-sha2-256-etm@openssh.com,hmac-sha2-256,umac-64-etm@openssh.com,umac-128-etm@openssh.com,hmac-sha2-512-etm@openssh.com,hmac-sha1-etm@openssh.com,umac-64@openssh.com,umac-128@openssh.com,hmac-sha2-512,hmac-sha1
debug2: MACs stoc: hmac-sha2-256-etm@openssh.com,hmac-sha2-256,umac-64-etm@openssh.com,umac-128-etm@openssh.com,hmac-sha2-512-etm@openssh.com,hmac-sha1-etm@openssh.com,umac-64@openssh.com,umac-128@openssh.com,hmac-sha2-512,hmac-sha1
debug2: compression ctos: none,zlib@openssh.com
debug2: compression stoc: none,zlib@openssh.com
debug2: languages ctos: 
debug2: languages stoc: 
debug2: first_kex_follows 0 
debug2: reserved 0 
debug3: send packet: type 5
debug3: receive packet: type 7
debug1: SSH2_MSG_EXT_INFO received
debug3: kex_input_ext_info: extension server-sig-algs
debug1: kex_ext_info_client_parse: server-sig-algs=<ssh-ed25519-cert-v01@openssh.com,ecdsa-sha2-nistp521-cert-v01@openssh.com,ecdsa-sha2-nistp384-cert-v01@openssh.com,ecdsa-sha2-nistp256-cert-v01@openssh.com,sk-ssh-ed25519-cert-v01@openssh.com,sk-ecdsa-sha2-nistp256-cert-v01@openssh.com,rsa-sha2-512-cert-v01@openssh.com,rsa-sha2-256-cert-v01@openssh.com,ssh-rsa-cert-v01@openssh.com,sk-ssh-ed25519@openssh.com,sk-ecdsa-sha2-nistp256@openssh.com,ssh-ed25519,ecdsa-sha2-nistp521,ecdsa-sha2-nistp384,ecdsa-sha2-nistp256,rsa-sha2-512,rsa-sha2-256,ssh-rsa>
debug3: kex_input_ext_info: extension publickey-hostbound@openssh.com
debug1: kex_ext_info_check_ver: publickey-hostbound@openssh.com=<0>
debug3: receive packet: type 6
debug2: service_accept: ssh-userauth
debug1: SSH2_MSG_SERVICE_ACCEPT received
debug3: send packet: type 50
debug3: receive packet: type 51
debug1: Authentications that can continue: publickey
debug3: start over, passed a different list publickey
debug3: preferred publickey,keyboard-interactive,password
debug3: authmethod_lookup publickey
debug3: remaining preferred: keyboard-interactive,password
debug3: authmethod_is_enabled publickey
debug1: Next authentication method: publickey
debug3: ssh_get_authentication_socket_path: path '/var/run/com.apple.launchd.k0vwNBeOrW/Listeners'
debug1: get_agent_identities: bound agent to hostkey
debug1: get_agent_identities: ssh_fetch_identitylist: agent contains no identities
debug1: Will attempt key: /Users/jixiaokang/.ssh/id_rsa 
debug1: Will attempt key: /Users/jixiaokang/.ssh/id_ecdsa 
debug1: Will attempt key: /Users/jixiaokang/.ssh/id_ecdsa_sk 
debug1: Will attempt key: /Users/jixiaokang/.ssh/id_ed25519 ED25519 SHA256:goys4ERKxu0jqUIrrLrYvLUVxOvpJCK5RliATiqzQ5w
debug1: Will attempt key: /Users/jixiaokang/.ssh/id_ed25519_sk 
debug2: pubkey_prepare: done
debug1: Trying private key: /Users/jixiaokang/.ssh/id_rsa
debug3: no such identity: /Users/jixiaokang/.ssh/id_rsa: No such file or directory
debug1: Trying private key: /Users/jixiaokang/.ssh/id_ecdsa
debug3: no such identity: /Users/jixiaokang/.ssh/id_ecdsa: No such file or directory
debug1: Trying private key: /Users/jixiaokang/.ssh/id_ecdsa_sk
debug3: no such identity: /Users/jixiaokang/.ssh/id_ecdsa_sk: No such file or directory
debug1: Offering public key: /Users/jixiaokang/.ssh/id_ed25519 ED25519 SHA256:goys4ERKxu0jqUIrrLrYvLUVxOvpJCK5RliATiqzQ5w
debug3: send packet: type 50
debug2: we sent a publickey packet, wait for reply
debug3: receive packet: type 60
debug1: Server accepts key: /Users/jixiaokang/.ssh/id_ed25519 ED25519 SHA256:goys4ERKxu0jqUIrrLrYvLUVxOvpJCK5RliATiqzQ5w
debug3: sign_and_send_pubkey: using publickey-hostbound-v00@openssh.com with ED25519 SHA256:goys4ERKxu0jqUIrrLrYvLUVxOvpJCK5RliATiqzQ5w
debug3: sign_and_send_pubkey: signing using ssh-ed25519 SHA256:goys4ERKxu0jqUIrrLrYvLUVxOvpJCK5RliATiqzQ5w
debug3: send packet: type 50
debug3: receive packet: type 52
Authenticated to github.com ([198.18.0.24]:22) using "publickey".
debug2: fd 7 setting O_NONBLOCK
debug2: fd 8 setting O_NONBLOCK
debug2: fd 9 setting O_NONBLOCK
debug1: channel 0: new session [client-session] (inactive timeout: 0)
debug3: ssh_session2_open: channel_new: 0
debug2: channel 0: send open
debug3: send packet: type 90
debug1: Entering interactive session.
debug1: pledge: filesystem
debug3: client_repledge: enter
debug3: receive packet: type 80
debug1: client_input_global_request: rtype hostkeys-00@openssh.com want_reply 0
debug3: client_input_hostkeys: received RSA key SHA256:uNiVztksCsDhcc0u9e8BujQXVUpKZIDTMczCvj3tD2s
debug3: client_input_hostkeys: received ECDSA key SHA256:p2QAMXNIC1TJYWeIOttrVc98/R1BUFWu3/LiyKgUfQM
debug3: client_input_hostkeys: received ED25519 key SHA256:+DiY3wvvV6TuJJhbpZisF/zLDA0zPMSvHdkr4UvCOqU
debug1: client_input_hostkeys: searching /Users/jixiaokang/.ssh/known_hosts for github.com / (none)
debug3: hostkeys_foreach: reading file "/Users/jixiaokang/.ssh/known_hosts"
debug3: hostkeys_find: found ssh-rsa key at /Users/jixiaokang/.ssh/known_hosts:6
debug3: hostkeys_find: found ecdsa-sha2-nistp256 key at /Users/jixiaokang/.ssh/known_hosts:7
debug3: hostkeys_find: found ssh-ed25519 key at /Users/jixiaokang/.ssh/known_hosts:8
debug1: client_input_hostkeys: searching /Users/jixiaokang/.ssh/known_hosts2 for github.com / (none)
debug1: client_input_hostkeys: hostkeys file /Users/jixiaokang/.ssh/known_hosts2 does not exist
debug3: client_input_hostkeys: 3 server keys: 0 new, 3 retained, 0 incomplete match. 0 to remove
debug1: client_input_hostkeys: no new or deprecated keys from server
debug3: client_repledge: enter
debug2: client_loop: session QoS is now interactive
debug2: fd 6 setting TCP_NODELAY
debug3: set_sock_tos: set socket 6 IP_TOS 0xb8
debug3: receive packet: type 91
debug2: channel_input_open_confirmation: channel 0: callback start
debug2: client_session2_setup: id 0
debug1: Sending environment.
debug3: Ignored env NVM_INC
debug3: Ignored env ANTIGRAVITY_AGENT
debug3: Ignored env MANPATH
debug3: Ignored env NVM_CD_FLAGS
debug3: Ignored env SHELL
debug3: Ignored env TMPDIR
debug3: Ignored env LIBRARY_PATH
debug3: Ignored env SDKROOT
debug3: Ignored env MallocNanoZone
debug3: Ignored env USER
debug3: Ignored env NVM_DIR
debug3: Ignored env COMMAND_MODE
debug3: Ignored env SSH_AUTH_SOCK
debug3: Ignored env CPATH
debug3: Ignored env __CF_USER_TEXT_ENCODING
debug3: Ignored env PATH
debug3: Ignored env _
debug3: Ignored env __CFBundleIdentifier
debug3: Ignored env PWD
debug3: Ignored env ANTIGRAVITY_SOURCE_METADATA
debug1: channel 0: setting env LANG = "C.UTF-8"
debug2: channel 0: request env confirm 0
debug3: send packet: type 98
debug3: Ignored env ANTIGRAVITY_EDITOR_APP_ROOT
debug3: Ignored env XPC_FLAGS
debug3: Ignored env ANTIGRAVITY_CSRF_TOKEN
debug3: Ignored env XPC_SERVICE_NAME
debug3: Ignored env SHLVL
debug3: Ignored env HOME
debug3: Ignored env ANTIGRAVITY_TRAJECTORY_ID
debug3: Ignored env VSCODE_NLS_CONFIG
debug3: Ignored env ANTIGRAVITY_LS_ADDRESS
debug3: Ignored env GIT_SSH_COMMAND
debug3: Ignored env LOGNAME
debug3: Ignored env VSCODE_IPC_HOOK
debug3: Ignored env VSCODE_CODE_CACHE_PATH
debug3: Ignored env NVM_BIN
debug3: Ignored env VSCODE_PID
debug3: Ignored env OSLogRateLimit
debug3: Ignored env VSCODE_CWD
debug3: Ignored env GIT_EXEC_PATH
debug1: Sending command: git-receive-pack 'jxk1213/safety-question.git'
debug2: channel 0: request exec confirm 1
debug3: send packet: type 98
debug3: client_repledge: enter
debug1: pledge: fork
debug2: channel_input_open_confirmation: channel 0: callback done
debug2: channel 0: open confirm rwindow 32000 rmax 35000
debug2: client_loop: session QoS is now non-interactive
debug3: set_sock_tos: set socket 6 IP_TOS 0x00
debug3: receive packet: type 99
debug2: channel_input_status_confirm: type 99 id 0
debug2: exec request accepted on channel 0
debug2: channel 0: rcvd adjust 2065338
debug2: channel 0: rcvd adjust 1066408
debug2: channel 0: rcvd adjust 1050000
debug2: channel 0: rcvd adjust 1050000
debug2: channel 0: rcvd adjust 1050000
debug2: channel 0: rcvd adjust 1050000
debug2: channel 0: rcvd adjust 1050000
debug2: channel 0: rcvd adjust 1050000
debug2: channel 0: rcvd adjust 1050000
debug2: channel 0: rcvd adjust 1050000
debug2: channel 0: rcvd adjust 1050000
debug2: channel 0: rcvd adjust 1050000
debug2: channel 0: rcvd adjust 1079920
debug2: channel 0: rcvd adjust 1050000
debug2: channel 0: rcvd adjust 1079920
debug2: channel 0: rcvd adjust 1050000
debug2: channel 0: rcvd adjust 1079920
debug2: channel 0: rcvd adjust 1050000
debug2: channel 0: rcvd adjust 1079920
debug2: channel 0: rcvd adjust 1050000
debug2: channel 0: rcvd adjust 1079920
debug2: channel 0: rcvd adjust 1050000
debug2: channel 0: rcvd adjust 1079920
debug2: channel 0: rcvd adjust 1050000
debug2: channel 0: rcvd adjust 1079920
debug2: channel 0: rcvd adjust 1050000
debug2: channel 0: rcvd adjust 1079920
debug2: channel 0: rcvd adjust 1050000
debug2: channel 0: rcvd adjust 1079920
debug2: channel 0: rcvd adjust 1050000
debug2: channel 0: rcvd adjust 1079920
debug2: channel 0: rcvd adjust 1050000
debug2: channel 0: rcvd adjust 1079920
debug2: channel 0: rcvd adjust 1050000
debug2: channel 0: rcvd adjust 1079920
debug2: channel 0: rcvd adjust 1050000
debug2: channel 0: rcvd adjust 1079920
debug2: channel 0: rcvd adjust 1050000
debug2: channel 0: rcvd adjust 1079920
debug2: channel 0: rcvd adjust 1050000
debug2: channel 0: rcvd adjust 1079920
debug2: channel 0: rcvd adjust 1050000
debug2: channel 0: rcvd adjust 1079920
debug2: channel 0: rcvd adjust 1050000
debug2: channel 0: rcvd adjust 1079920
debug2: channel 0: rcvd adjust 1050000
debug2: channel 0: rcvd adjust 1079920
debug2: channel 0: rcvd adjust 1050000
debug2: channel 0: rcvd adjust 1079920
debug2: channel 0: rcvd adjust 1050000
debug2: channel 0: rcvd adjust 1079920
debug2: channel 0: rcvd adjust 1050000
debug2: channel 0: rcvd adjust 1079920
debug2: channel 0: rcvd adjust 1050000
debug2: channel 0: rcvd adjust 1079920
debug2: channel 0: rcvd adjust 1050000
debug2: channel 0: rcvd adjust 1079920
debug2: channel 0: rcvd adjust 1050000
debug2: channel 0: rcvd adjust 1079920
debug2: channel 0: rcvd adjust 1050000
debug2: channel 0: rcvd adjust 1079920
debug2: channel 0: rcvd adjust 1050000
debug2: channel 0: rcvd adjust 1079920
debug2: channel 0: rcvd adjust 1050000
debug2: channel 0: rcvd adjust 1079920
debug2: channel 0: rcvd adjust 1050000
debug2: channel 0: rcvd adjust 1079920
debug2: channel 0: rcvd adjust 1050000
debug2: channel 0: rcvd adjust 1079920
debug2: channel 0: rcvd adjust 1050000
debug2: channel 0: rcvd adjust 1055920
debug2: channel 0: rcvd adjust 1050000
debug2: channel 0: rcvd adjust 1079920
debug2: channel 0: rcvd adjust 1050000
debug2: channel 0: rcvd adjust 1079920
debug2: channel 0: rcvd adjust 1050000
debug2: channel 0: rcvd adjust 1079920
debug2: channel 0: rcvd adjust 1050000
debug2: channel 0: rcvd adjust 1079920
debug2: channel 0: rcvd adjust 1050000
debug2: channel 0: rcvd adjust 1079920
debug2: channel 0: rcvd adjust 1050000
debug2: channel 0: rcvd adjust 1079920
debug2: channel 0: rcvd adjust 1050000
debug2: channel 0: rcvd adjust 1079920
debug2: channel 0: rcvd adjust 1050000
debug2: channel 0: rcvd adjust 1079920
debug2: channel 0: rcvd adjust 1050000
debug2: channel 0: rcvd adjust 1079920
debug2: channel 0: rcvd adjust 1050000
debug2: channel 0: rcvd adjust 1079920
debug2: channel 0: rcvd adjust 1050000
debug2: channel 0: rcvd adjust 1079920
debug2: channel 0: rcvd adjust 1050000
debug2: channel 0: rcvd adjust 1055344
debug2: channel 0: rcvd adjust 1074576
debug2: channel 0: rcvd adjust 1055344
debug2: channel 0: rcvd adjust 1074576
debug2: channel 0: rcvd adjust 1055344
debug2: channel 0: rcvd adjust 1074576
debug2: channel 0: rcvd adjust 1055344
debug2: channel 0: rcvd adjust 1074576
debug2: channel 0: rcvd adjust 1055344
debug2: channel 0: rcvd adjust 1074576
debug2: channel 0: rcvd adjust 1055344
debug2: channel 0: rcvd adjust 1074576
debug2: channel 0: rcvd adjust 1055344
debug2: channel 0: rcvd adjust 1074576
debug2: channel 0: rcvd adjust 1055344
debug2: channel 0: rcvd adjust 1074576
debug2: channel 0: rcvd adjust 1055344
debug2: channel 0: rcvd adjust 1074576
debug2: channel 0: rcvd adjust 1055344
debug2: channel 0: rcvd adjust 1074576
debug2: channel 0: rcvd adjust 1055344
debug2: channel 0: rcvd adjust 1074576
debug2: channel 0: rcvd adjust 1055344
debug2: channel 0: rcvd adjust 1074576
debug2: channel 0: rcvd adjust 1055344
debug2: channel 0: rcvd adjust 1074576
debug2: channel 0: rcvd adjust 1055344
debug2: channel 0: rcvd adjust 1074576
debug2: channel 0: rcvd adjust 1055344
debug2: channel 0: rcvd adjust 1074576
debug2: channel 0: rcvd adjust 1055344
debug2: channel 0: rcvd adjust 1074576
debug2: channel 0: rcvd adjust 1055344
debug2: channel 0: rcvd adjust 1074576
debug2: channel 0: rcvd adjust 1055344
debug2: channel 0: rcvd adjust 1074576
debug2: channel 0: rcvd adjust 1055344
debug2: channel 0: rcvd adjust 1074576
debug2: channel 0: rcvd adjust 1055344
debug2: channel 0: rcvd adjust 1074576
debug2: channel 0: rcvd adjust 1055344
debug2: channel 0: rcvd adjust 1074576
debug2: channel 0: rcvd adjust 1055344
debug2: channel 0: rcvd adjust 1074576
debug2: channel 0: rcvd adjust 1055344
debug2: channel 0: rcvd adjust 1074576
debug2: channel 0: rcvd adjust 1055344
debug2: channel 0: rcvd adjust 1074576
debug2: channel 0: rcvd adjust 1055344
debug2: channel 0: rcvd adjust 1074576
debug2: channel 0: rcvd adjust 1055344
debug2: channel 0: rcvd adjust 1074576
debug2: channel 0: rcvd adjust 1055344
debug2: channel 0: rcvd adjust 1074576
debug2: channel 0: rcvd adjust 1055344
debug2: channel 0: rcvd adjust 1074576
debug2: channel 0: rcvd adjust 1055344
debug2: channel 0: rcvd adjust 1074576
debug2: channel 0: rcvd adjust 1055344
debug2: channel 0: rcvd adjust 1074576
debug2: channel 0: rcvd adjust 1055344
debug2: channel 0: rcvd adjust 1074576
debug2: channel 0: rcvd adjust 1055344
debug2: channel 0: rcvd adjust 1074576
debug2: channel 0: rcvd adjust 1055344
debug2: channel 0: rcvd adjust 1074576
debug2: channel 0: rcvd adjust 1055344
debug2: channel 0: rcvd adjust 1074576
debug2: channel 0: rcvd adjust 1055344
debug2: channel 0: rcvd adjust 1074576
debug2: channel 0: rcvd adjust 1055344
debug2: channel 0: rcvd adjust 1074576
debug2: channel 0: rcvd adjust 1055344
debug2: channel 0: rcvd adjust 1074576
debug2: channel 0: read failed rfd 7 maxlen 32768: Broken pipe
debug2: channel 0: read failed
debug2: chan_shutdown_read: channel 0: (i0 o0 sock -1 wfd 7 efd 9 [write])
debug2: channel 0: input open -> drain
debug2: channel 0: ibuf empty
debug2: channel 0: send eof
debug3: send packet: type 96
debug2: channel 0: input drain -> closed
debug2: channel 0: rcvd adjust 1055344
remote: warning: See https://gh.io/lfs for more information.        
remote: warning: File 知识竞答分组/知识竞赛报名表.xlsx is 70.40 MB; this is larger than GitHub's recommended maximum file size of 50.00 MB        
remote: warning: GH001: Large files detected. You may want to try Git Large File Storage - https://git-lfs.github.com.        
debug3: receive packet: type 98
debug1: client_input_channel_req: channel 0 rtype exit-status reply 0
debug3: receive packet: type 96
debug2: channel 0: rcvd eof
debug2: channel 0: output open -> drain
debug3: receive packet: type 97
debug2: channel 0: rcvd close
debug3: channel 0: will not send data after close
debug3: channel 0: will not send data after close
debug2: channel 0: obuf empty
debug2: chan_shutdown_write: channel 0: (i3 o1 sock -1 wfd 8 efd 9 [write])
debug2: channel 0: output drain -> closed
debug2: channel 0: almost dead
debug2: channel 0: gc: notify user
debug2: channel 0: gc: user detached
debug2: channel 0: send_close2
debug2: channel 0: send close for remote id 43
debug3: send packet: type 97
debug2: channel 0: is dead
debug2: channel 0: garbage collecting
debug1: channel 0: free: client-session, nchannels 1
debug3: channel 0: status: The following connections are open:
  #0 client-session (t4 [session] r43 nm0 i3/0 o3/0 e[write]/0 fd -1/-1/9 sock -1 cc -1 nc0 io 0x00/0x00 B)

debug2: client_loop: session QoS is now interactive
debug3: set_sock_tos: set socket 6 IP_TOS 0xb8
debug3: send packet: type 1
Transferred: sent 179256812, received 6832 bytes, in 9111.9 seconds
Bytes per second: sent 19672.8, received 0.7
debug1: Exit status 0
To github.com:jxk1213/safety-question.git
 * [new branch]      main -> main
branch 'main' set up to track 'origin/main'.
